Symbol range map extraction starting
Processing 75 files
processing com\beeclient\BeeClient.java
processing com\beeclient\config\ConfigManager.java
processing com\beeclient\core\BeeClientLaunchPlugin.java
processing com\beeclient\core\BeeClientModContainer.java
processing com\beeclient\event\ClientEvent.java
processing com\beeclient\event\DiscordRPCEvents.java
processing com\beeclient\event\Event.java
processing com\beeclient\event\EventListener.java
processing com\beeclient\event\EventManager.java
processing com\beeclient\event\events\ChatEvent.java
processing com\beeclient\event\events\InputEvent.java
processing com\beeclient\event\events\RenderEvent.java
processing com\beeclient\event\events\RenderWorldEvent.java
processing com\beeclient\event\events\TickEvent.java
processing com\beeclient\gui\ClickGUIScreen.java
processing com\beeclient\gui\GuiKeyHandler.java
processing com\beeclient\gui\HUDBrandHandler.java
processing com\beeclient\gui\MainMenuHandler.java
processing com\beeclient\module\Category.java
processing com\beeclient\module\Module.java
processing com\beeclient\module\ModuleManager.java
processing com\beeclient\module\modules\combat\HitDelayFix.java
processing com\beeclient\module\modules\combat\ReachDisplay.java
processing com\beeclient\module\modules\hud\ArrayListHUD.java
processing com\beeclient\module\modules\hud\BetterThirdPerson.java
processing com\beeclient\module\modules\hud\SidebarRevamp.java
processing com\beeclient\module\modules\hud\Watermark.java
processing com\beeclient\module\modules\misc\DiscordRP.java
processing com\beeclient\module\modules\misc\InputLagFix.java
processing com\beeclient\module\modules\misc\ReplayMod.java
processing com\beeclient\module\modules\misc\SoundPhysics.java
processing com\beeclient\module\modules\misc\TCPNoDelay.java
processing com\beeclient\module\modules\misc\VanillaEnhancements.java
processing com\beeclient\module\modules\movement\MouseDelayFix.java
processing com\beeclient\module\modules\movement\ToggleSneak.java
processing com\beeclient\module\modules\movement\ToggleSprint.java
processing com\beeclient\module\modules\player\AutoGG.java
processing com\beeclient\module\modules\player\AutoReconnect.java
processing com\beeclient\module\modules\player\ChatTriggers.java
processing com\beeclient\module\modules\player\CompactChat.java
processing com\beeclient\module\modules\player\CoordinatesHUD.java
processing com\beeclient\module\modules\player\LevelHead.java
processing com\beeclient\module\modules\player\NameHistory.java
processing com\beeclient\module\modules\player\PingDisplay.java
processing com\beeclient\module\modules\player\Quickplay.java
processing com\beeclient\module\modules\player\TNTTime.java
processing com\beeclient\module\modules\render\ArmorHUD.java
processing com\beeclient\module\modules\render\BlockOverlay.java
processing com\beeclient\module\modules\render\BossbarCustomizer.java
processing com\beeclient\module\modules\render\CPSDisplay.java
processing com\beeclient\module\modules\render\ChromaHUD.java
processing com\beeclient\module\modules\render\ClearWater.java
processing com\beeclient\module\modules\render\CrosshairMod.java
processing com\beeclient\module\modules\render\DamageIndicators.java
processing com\beeclient\module\modules\render\DirectionHUD.java
processing com\beeclient\module\modules\render\FPSDisplay.java
processing com\beeclient\module\modules\render\Fullbright.java
processing com\beeclient\module\modules\render\GlintColorizer.java
processing com\beeclient\module\modules\render\ItemBlur.java
processing com\beeclient\module\modules\render\ItemPhysicLite.java
processing com\beeclient\module\modules\render\Keystrokes.java
processing com\beeclient\module\modules\render\NoHurtCam.java
processing com\beeclient\module\modules\render\ParticleCustomizer.java
processing com\beeclient\module\modules\render\PerspectiveMod.java
processing com\beeclient\module\modules\render\PotionHUD.java
processing com\beeclient\module\modules\render\ScrollableTooltips.java
processing com\beeclient\module\modules\render\ShinyPots.java
processing com\beeclient\module\modules\render\TimeChanger.java
processing com\beeclient\render\ColorUtils.java
processing com\beeclient\render\RenderUtils.java
processing com\beeclient\render\TextureLoader.java
processing com\beeclient\util\ClickCounter.java
processing com\beeclient\util\ClientUtils.java
processing com\beeclient\util\DiscordRPCHandler.java
processing com\beeclient\util\MinecraftUtils.java
